118 files already formatted
All checks passed!
0 errors, 0 warnings, 0 informations

╔══╗─────────▶╔╗ ╔╗      ╔╗◀───┐
╚╣╠╝◀─────┐  ╔╝╚╗║║────▶╔╝╚╗   │
 ║║   ╔══╦══╦╩╗╔╝║║  ╔╦═╩╗╔╝╔═╦══╗
 ║║╔══╣╔╗║╔╗║╔╣║ ║║ ╔╬╣╔╗║║ ║│║╔═╝
╔╣╠╣║║║╚╝║╚╝║║║╚╗║╚═╝║║║║║╚╗║═╣║
╚══╩╩╩╣╔═╩══╩╝╚═╝╚═══╩╩╝╚╩═╩╩═╩╝
  └──▶║║                    ▲ 
      ╚╝────────────────────┘


---------
Contracts
---------

Analyzed 88 files, 324 dependencies.
------------------------------------

Services and models have no framework or adapter dependencies KEPT
MLX simulation has no reference or comparison framework KEPT
Spike comparison has no execution framework KEPT

Contracts: 3 kept, 0 broken.
Resolved 38 packages in 0.52ms
