uv run --locked --no-sync ruff format --check src tests tools main.py
193 files already formatted
uv run --locked --no-sync ruff check src tests tools main.py
All checks passed!
uv run --locked --no-sync pyright
0 errors, 0 warnings, 0 informations
uv run --locked --no-sync lint-imports --no-cache

╔══╗─────────▶╔╗ ╔╗      ╔╗◀───┐
╚╣╠╝◀─────┐  ╔╝╚╗║║────▶╔╝╚╗   │
 ║║   ╔══╦══╦╩╗╔╝║║  ╔╦═╩╗╔╝╔═╦══╗
 ║║╔══╣╔╗║╔╗║╔╣║ ║║ ╔╬╣╔╗║║ ║│║╔═╝
╔╣╠╣║║║╚╝║╚╝║║║╚╗║╚═╝║║║║║╚╗║═╣║
╚══╩╩╩╣╔═╩══╩╝╚═╝╚═══╩╩╝╚╩═╩╩═╩╝
  └──▶║║                    ▲
      ╚╝────────────────────┘


---------
Contracts
---------

Analyzed 130 files, 568 dependencies.
-------------------------------------

DEP001/DEP004: Services and neutral contracts have no implementation
dependencies KEPT
MLX simulation has no reference or comparison framework KEPT
Spike comparison has no execution framework KEPT

Contracts: 3 kept, 0 broken.
uv run --locked --no-sync python -m pytest -q tests/quality
........................................................................ [ 52%]
..................................................................       [100%]
138 passed in 53.21s
uv run --locked --no-sync python -m tools.code_quality.gate
09535149c64b38a2aece94455869f6cb3ecab2b6: PASS
┌─────────┬─────────────┬───────────┬───────────────────────────┬───────────────────────────┬─────────────┬───────────────────────┐
│ (index) │ total_files │ total_loc │ avg_cyclomatic_complexity │ max_cyclomatic_complexity │ code_health │ maintainability_index │
├─────────┼─────────────┼───────────┼───────────────────────────┼───────────────────────────┼─────────────┼───────────────────────┤
│ before  │ 246         │ 26509     │ 5.24                      │ 28                        │ 69.49       │ 69.49                 │
│ after   │ 253         │ 28140     │ 5.21                      │ 28                        │ 69.54       │ 69.54                 │
└─────────┴─────────────┴───────────┴───────────────────────────┴───────────────────────────┴─────────────┴───────────────────────┘
