[2026-10-04 14:22:16] Experiment: Sugar GRNs (200 Hz)
[2026-10-04 14:22:16] Stimulated neurons: 21 at 200.0 Hz
[2026-10-04 14:22:16] Benchmark rounds: 1
[2026-10-04 14:22:16] Run label: reference

[2026-10-04 14:22:16] >>> Starting backend 1/1: Brian2 (CPU)

================================================================================
[2026-10-04 14:22:22] BENCHMARK SUITE: Brian2 (CPU)
================================================================================
[2026-10-04 14:22:22] Device: CPU (C++)
[2026-10-04 14:22:22] t_run values: [0.1] seconds
[2026-10-04 14:22:22] n_run values: [1]
[2026-10-04 14:22:22] Run label: reference
[2026-10-04 14:22:22] Round: 1
[2026-10-04 14:22:22] Total benchmarks: 1
================================================================================

================================================================================
[2026-10-04 14:22:22] [1/1] BENCHMARK: t_run=0.1s, n_run=1
================================================================================
[2026-10-04 14:22:22] Device: CPU (C++)
[2026-10-04 14:22:22] Experiment: brian2cpp_t0.1s_n1
[2026-10-04 14:22:22] Spike probing/output: enabled
[2026-10-04 14:22:22] Run label: reference
[2026-10-04 14:22:22] Round: 1
[2026-10-04 14:22:22] ID mapping:         0.039s
[2026-10-04 14:22:22] Creating network...
[2026-10-04 14:22:25]   Data loading:     1.886s
[2026-10-04 14:22:25]   Neuron creation:  0.010s
[2026-10-04 14:22:25]   Synapse creation: 0.428s
[2026-10-04 14:22:25]   Poisson inputs:   0.021s
[2026-10-04 14:22:25]   Total network:    2.347s
[2026-10-04 14:22:25] Building C++ standalone code...
[2026-10-04 14:22:38]   Build time:       12.742s
[2026-10-04 14:22:38] Running 1 trial(s) on CPU...
[2026-10-04 14:22:39]   Trial 1/1: 1.677s (run: 1.348s, extract: 0.329s)
[2026-10-04 14:22:39]   Total simulation: 1.348s
[2026-10-04 14:22:39]   Spike extraction: 0.329s
[2026-10-04 14:22:39]   Avg per trial:    1.348s
[2026-10-04 14:22:39] Collecting results...
[2026-10-04 14:22:39]   Collection:       0.004s
[2026-10-04 14:22:39]   Save to file:     0.014s
[2026-10-04 14:22:39]   Output file:      /Users/ocasta/Code/fly-brain/data/results/mlx-reference-20261004/spikes/reference/round_01/brian2cpp_t0.1s_n1.parquet

------------------------------------------------------------
[2026-10-04 14:22:39] TIMING SUMMARY
------------------------------------------------------------
[2026-10-04 14:22:39]   Network creation:        2.347s
[2026-10-04 14:22:39]   Device build:           12.742s
[2026-10-04 14:22:39]   Simulation:              1.348s
[2026-10-04 14:22:39]   Spike extraction:        0.329s
[2026-10-04 14:22:39]   Result processing:       0.018s
[2026-10-04 14:22:39]   -----------------------------------------
[2026-10-04 14:22:39]   TOTAL ELAPSED:          16.824s

[2026-10-04 14:22:39]   Simulated time:            0.1s (1 x 0.1s)
[2026-10-04 14:22:39]   Realtime ratio (sim only):  0.074x
[2026-10-04 14:22:39]   Realtime ratio (total):     0.006x

[2026-10-04 14:22:39]   Active neurons:            321
[2026-10-04 14:22:39]   Total spikes:             1518
------------------------------------------------------------


================================================================================
[2026-10-04 14:22:39] SUMMARY: Brian2 (CPU)
================================================================================

   t_run |  n_run |      Setup |      Build |   Simulation |      Total |   RT Ratio |     Spikes | Status
--------------------------------------------------------------------------------------------------------------
    0.1s |      1 |      2.35s |     12.74s |        1.35s |     16.82s |     0.074x |       1518 | ✓ success
--------------------------------------------------------------------------------------------------------------

[2026-10-04 14:22:39] Benchmark suite complete!
[2026-10-04 14:22:39] <<< Finished backend 1/1: Brian2 (CPU)

[2026-10-04 14:22:39] All 1 backend(s) complete.
[2026-10-04 14:22:39] Results CSV: /Users/ocasta/Code/fly-brain/data/results/mlx-reference-20261004/benchmarks.csv
[2026-10-04 14:22:39] Spike manifest: /Users/ocasta/Code/fly-brain/data/results/mlx-reference-20261004/spikes/reference/manifest.csv
